// Jest Snapshot v1, https://goo.gl/fbAQLP

exports[`Calculator should render properly 1`] = `ShallowWrapper {}`;
