// Jest Snapshot v1, https://goo.gl/fbAQLP

exports[`Keypad should render properly 1`] = `ShallowWrapper {}`;
